// Jest Snapshot v1, https://goo.gl/fbAQLP

exports[`HomePage Component Displays the HomePage correctly when rendered 1`] = `
<HomePage>
  <section>
    <form>
      <label
        hidden={true}
        htmlFor="listSelect"
      >
        Displaying:
      </label>
      <select
        id="listSelect"
        onChange={[Function]}
      >
        <option
          value="now_playing"
        >
          Now Playing
        </option>
        <option
          value="popular"
        >
          Popular
        </option>
        <option
          value="top_rated"
        >
          Top Rated
        </option>
      </select>
    </form>
    <ul
      className="movies"
    />
  </section>
</HomePage>
`;
